
> my-project@0.1.0 build
> next build

Γû▓ Next.js 16.1.6 (Turbopack)

  Creating an optimized production build ...
Γ£ô Compiled successfully in 43s
  Skipping validation of types
  Collecting page data using 7 workers ...
  Generating static pages using 7 workers (0/7) ...
node.exe : Error 
occurred 
prerendering page 
"/_not-found". Read 
more: https://nextjs.
org/docs/messages/pre
render-error
At line:1 char:1
+ & "C:\Program Files
\nodejs/node.exe" 
"C:\Program 
Files\nodejs/node_mo 
...
+ ~~~~~~~~~~~~~~~~~~~
~~~~~~~~~~~~~~~~~~~~~
~~~~~~~~~~~~~~~~~~~~~
~~~~~~~~
    + CategoryInfo   
           : NotSpe  
  cified: (Error o   
 ccurred ...prere    
nder-error:Strin    
g) [], RemoteExc    
eption
    + FullyQualified 
   ErrorId : Native  
  CommandError
 
Error: Module 16464 
was instantiated 
because it was 
required from module 
63222, but the 
module factory is 
not available.
    at 
instantiateModule (C:
\Users\user\Downloads
\microtransaction-new
s-outlet\.next\server
\chunks\ssr\[turbopac
k]_runtime.js:732:15)
    at getOrInstantia
teModuleFromParent (C
:\Users\user\Download
s\microtransaction-ne
ws-outlet\.next\serve
r\chunks\ssr\[turbopa
ck]_runtime.js:763:12
)
    at 
Context.esmImport 
[as i] (C:\Users\user
\Downloads\microtrans
action-news-outlet\.n
ext\server\chunks\ssr
\[turbopack]_runtime.
js:228:20)
    at module 
evaluation (C:\Users\
user\Downloads\microt
ransaction-news-outle
t\.next\server\chunks
\ssr\_da772632._.js:8
:1582)
    at 
instantiateModule (C:
\Users\user\Downloads
\microtransaction-new
s-outlet\.next\server
\chunks\ssr\[turbopac
k]_runtime.js:740:9)
    at getOrInstantia
teModuleFromParent (C
:\Users\user\Download
s\microtransaction-ne
ws-outlet\.next\serve
r\chunks\ssr\[turbopa
ck]_runtime.js:763:12
)
    at Context.common
JsRequire [as r] (C:\
Users\user\Downloads\
microtransaction-news
-outlet\.next\server\
chunks\ssr\[turbopack
]_runtime.js:249:12) 
{
  digest: 
'3839201354'
}
Export encountered 
an error on 
/_not-found/page: 
/_not-found, exiting 
the build.
Γ¿» Next.js build 
worker exited with 
code: 1 and signal: 
null
